// Jest Snapshot v1, https://goo.gl/fbAQLP

exports[`AuthService login should return authorized user 1`] = `
Object {
  "user": Object {
    "email": "valid-user@manuscriptsapp.com",
    "name": "Valid System User",
  },
}
`;

exports[`AuthService loginGoogle should return authorized user 1`] = `
Object {
  "user": Object {
    "connectUserID": undefined,
    "email": "valid-google-user@manuscriptsapp.com",
    "name": "Example User",
  },
}
`;

exports[`AuthService loginGoogle should return authorized user 2`] = `
Object {
  "user": Object {
    "connectUserID": undefined,
    "email": "valid-google-user@manuscriptsapp.com",
    "name": "Example User",
  },
}
`;
